
> stock-issue-template@1.0.0 build
> tsc && vite build

[36mvite v7.3.1 [32mbuilding client environment for production...[36m[39m
transforming...
[32mΓ£ô[39m 107 modules transformed.
rendering chunks...
computing gzip size...
[2mdist/[22m[32mindex.html                 [39m[1m[2m  0.59 kB[22m[1m[22m[2m Γöé gzip:   0.38 kB[22m
[2mdist/[22m[35massets/index-BbkA9W0F.css  [39m[1m[2m 56.28 kB[22m[1m[22m[2m Γöé gzip:   8.88 kB[22m
[2mdist/[22m[36massets/index-8zKOVhpY.js   [39m[1m[33m946.70 kB[39m[22m[2m Γöé gzip: 282.72 kB[22m
node.exe : [33m
At line:1 char:1
+ & "C:\Program 
Files\nodejs/node.exe" 
"C:\Program 
Files\nodejs/node_mo ...
+ ~~~~~~~~~~~~~~~~~~~~~~
~~~~~~~~~~~~~~~~~~~~~~~~
~~~~~~~~~~~~~~~~~~~~~~~
    + CategoryInfo      
        : NotSpecified: 
([3    3m:String) [], 
RemoteE    xception
    + 
FullyQualifiedErrorI    
d : NativeCommandError
 
(!) Some chunks are 
larger than 500 kB 
after minification. 
Consider:
- Using dynamic 
import() to code-split 
the application
- Use build.rollupOption
s.output.manualChunks 
to improve chunking: htt
ps://rollupjs.org/config
uration-options/#output-
manualchunks
- Adjust chunk size 
limit for this warning 
via build.chunkSizeWarni
ngLimit.[39m
[32mΓ£ô built in 5.20s[39m
